.\cloudflared.exe : 2026-09-10T04:20:15Z INF Thank you for trying Cloudflare Tunnel. Doing so, without a Cloudflare 
account, is a quick way to experiment and try it out. However, be aware that these account-less Tunnels have no uptime 
guarantee, are subject to the Cloudflare Online Services Terms of Use (https://www.cloudflare.com/website-terms/), and 
Cloudflare reserves the right to investigate your use of Tunnels for violations of such terms. If you intend to use 
Tunnels in production you should use a pre-created named tunnel by following: 
https://developers.cloudflare.com/cloudflare-one/connections/connect-apps
At line:1 char:1
+ .\cloudflared.exe tunnel --url http://127.0.0.1:5000 2>&1 | Out-File  ...
+ ~~~~~~~~~~~~~~~~~~~~~~~~~~~~~~~~~~~~~~~~~~~~~~~~~~~~~~~~~
    + CategoryInfo          : NotSpecified: (2026-09-10T04:2...ns/connect-apps:String) [], RemoteException
    + FullyQualifiedErrorId : NativeCommandError
 
2026-09-10T04:20:15Z INF Requesting new quick Tunnel on trycloudflare.com...
2026-09-10T04:20:21Z INF +--------------------------------------------------------------------------------------------+
2026-09-10T04:20:21Z INF |  Your quick Tunnel has been created! Visit it at (it may take some time to be reachable):  |
2026-09-10T04:20:21Z INF |  https://biology-used-limiting-proposition.trycloudflare.com                               |
2026-09-10T04:20:21Z INF +--------------------------------------------------------------------------------------------+
2026-09-10T04:20:21Z INF Cannot determine default configuration path. No file [config.yml config.yaml] in 
[~/.cloudflared ~/.cloudflare-warp ~/cloudflare-warp]
2026-09-10T04:20:21Z INF Version 2026.9.0 (Checksum 547057326266f0e1c7d50d102dbd22ff283d740c055bd61e94f10e2c606f89af)
2026-09-10T04:20:21Z INF GOOS: windows, GOVersion: go1.26.8, GoArch: amd64
2026-09-10T04:20:21Z INF Settings: map[ha-connections:1 protocol:quic url:http://127.0.0.1:5000]
2026-09-10T04:20:21Z INF cloudflared will not automatically update on Windows systems.
2026-09-10T04:20:21Z INF Generated Connector ID: 8fe3cace-e1b7-49b1-9e45-acf76ca07fdf
2026-09-10T04:20:21Z INF Initial protocol quic
2026-09-10T04:20:21Z INF ICMP proxy will use 192.168.81.186 as source for IPv4
2026-09-10T04:20:21Z INF ICMP proxy will use 2401:4900:47f0:5ba6:ab50:7a6b:727e:f7d4 in zone Wi-Fi as source for IPv6
2026-09-10T04:20:22Z INF cloudflared does not support loading the system root certificate pool on Windows. Please use 
--origin-ca-pool <PATH> to specify the path to the certificate pool
2026-09-10T04:20:22Z INF ICMP proxy will use 192.168.81.186 as source for IPv4
2026-09-10T04:20:22Z INF Tunnel connection curve preferences: [X25519MLKEM768 CurveID(65074) CurveP256] connIndex=0 
event=0 ip=2606:4700:a0::3
2026-09-10T04:20:22Z INF ICMP proxy will use 2401:4900:47f0:5ba6:ab50:7a6b:727e:f7d4 in zone Wi-Fi as source for IPv6
2026-09-10T04:20:22Z INF Starting metrics server on 127.0.0.1:20241/metrics
2026-09-10T04:20:24Z INF Registered tunnel connection connIndex=0 connection=9f485b93-3bb4-4ac5-b126-97fab7796b45 
event=0 ip=2606:4700:a0::3 location=del01 protocol=quic
2026-09-10T04:20:25Z INF +-------------------------------------------------------------------------------------+
2026-09-10T04:20:25Z INF |                               CONNECTIVITY PRE-CHECKS                               |
2026-09-10T04:20:25Z INF +-------------------------------------------------------------------------------------+
2026-09-10T04:20:25Z INF |  COMPONENT         TARGET                     STATUS  DETAILS                       |
2026-09-10T04:20:25Z INF |  DNS Resolution    region1.v2.argotunnel.com  PASS    DNS Resolved successfully     |
2026-09-10T04:20:25Z INF |  DNS Resolution    region2.v2.argotunnel.com  PASS    DNS Resolved successfully     |
2026-09-10T04:20:25Z INF |  UDP Connectivity  region1.v2.argotunnel.com  PASS    QUIC connection successful    |
2026-09-10T04:20:25Z INF |  UDP Connectivity  region2.v2.argotunnel.com  PASS    QUIC connection successful    |
2026-09-10T04:20:25Z INF |  TCP Connectivity  region1.v2.argotunnel.com  PASS    HTTP/2 connection successful  |
2026-09-10T04:20:25Z INF |  TCP Connectivity  region2.v2.argotunnel.com  PASS    HTTP/2 connection successful  |
2026-09-10T04:20:25Z INF |  Cloudflare API    api.cloudflare.com:443     PASS    API is reachable              |
2026-09-10T04:20:25Z INF |                                                                                     |
2026-09-10T04:20:25Z INF |  SUMMARY: Environment is healthy. cloudflared will use 'quic' as primary protocol.  |
2026-09-10T04:20:25Z INF +-------------------------------------------------------------------------------------+
2026-09-10T04:20:25Z INF precheck component="DNS Resolution" details="DNS Resolved successfully" 
run_id=a9380773-4eb2-498e-abb4-7ce2f3c7f83f status=pass target=region1.v2.argotunnel.com
2026-09-10T04:20:25Z INF precheck component="DNS Resolution" details="DNS Resolved successfully" 
run_id=a9380773-4eb2-498e-abb4-7ce2f3c7f83f status=pass target=region2.v2.argotunnel.com
2026-09-10T04:20:25Z INF precheck component="UDP Connectivity" details="QUIC connection successful" 
run_id=a9380773-4eb2-498e-abb4-7ce2f3c7f83f status=pass target=region1.v2.argotunnel.com
2026-09-10T04:20:25Z INF precheck component="UDP Connectivity" details="QUIC connection successful" 
run_id=a9380773-4eb2-498e-abb4-7ce2f3c7f83f status=pass target=region2.v2.argotunnel.com
2026-09-10T04:20:25Z INF precheck component="TCP Connectivity" details="HTTP/2 connection successful" 
run_id=a9380773-4eb2-498e-abb4-7ce2f3c7f83f status=pass target=region1.v2.argotunnel.com
2026-09-10T04:20:25Z INF precheck component="TCP Connectivity" details="HTTP/2 connection successful" 
run_id=a9380773-4eb2-498e-abb4-7ce2f3c7f83f status=pass target=region2.v2.argotunnel.com
2026-09-10T04:20:25Z INF precheck component="Cloudflare API" details="API is reachable" 
run_id=a9380773-4eb2-498e-abb4-7ce2f3c7f83f status=pass target=api.cloudflare.com:443
2026-09-10T04:20:25Z INF precheck complete hard_fail=false run_id=a9380773-4eb2-498e-abb4-7ce2f3c7f83f 
suggested_protocol=quic
2026-09-10T04:25:07Z ERR Serve tunnel error error="datagram manager error: timeout: no recent network activity" 
connIndex=0 event=0 ip=2606:4700:a0::3
2026-09-10T04:25:07Z INF Retrying connection in up to 1s connIndex=0 event=0 ip=2606:4700:a0::3
2026-09-10T04:25:09Z INF Tunnel connection curve preferences: [X25519MLKEM768 CurveID(65074) CurveP256] connIndex=0 
event=0 ip=2606:4700:a8::4
2026-09-10T04:25:12Z INF Registered tunnel connection connIndex=0 connection=f80a4cf3-5668-4175-9fd5-888fa1a80521 
event=0 ip=2606:4700:a8::4 location=del03 protocol=quic
